<?php

abstract class TestClass
{

    /**
     * simplesFunc
     *
     */
    public function simplesFunc () {
    }

    /**
     * whiteSpaceNoParamsFunc
     *
     */
    public function whiteSpaceNoParamsFunc(  )
    {
    }

/**
 * simpleParamFunc
 *
 * @param mixed $parameter
 */
public function simpleParamFunc( $parameter )
{
}

    /**
     * paramFuncIntDefault
     *
     * @param int $parameter
     */
    public function paramFuncIntDefault( $parameter = 23 ) {
    }

  /**
   * multiParamsFuncFloatDefault
   *
   * @param float $someParam
   * @param mixed $anotherParam
   */
  public function multiParamsFuncFloatDefault( $someParam = 42.5, $anotherParam )
  {
  }

/**
 * typeHintParamsFunc
 *
 * @param array $foo
 * @param SomeClass $bar
 */
public function typeHintParamsFunc(array $foo, SomeClass $bar) {
}

    /**
     * complexDefaultFunc
     *
     * @param array $foo
     */
    public function complexDefaultFunc( array $foo = array( 1, 2, 3 ) ) {
    }

    /**
     * multiLineParamListFunc
     *
     * @param FirstParam $firstParam
     * @param SecondParam $secondParam
     * @param array $thirdParam
     * @param float $fourthParam
     */
    public function multiLineParamListFunc(
        FirstParam $firstParam = null,
        SecondParam $secondParam,
        $thirdParam = array( "foo", array( "bar" ) ),
        $fourthParam = 42.23
    ) {
    }

    /**
     * protectedFunc
     *
     * @param mixed $foo
     * @param array $bar
     */
    protected function protectedFunc( $foo = null, array $bar )
    {
    }

    /**
     * privateStaticFunc
     *
     * @param SomeClass $foo
     */
    private static function privateStaticFunc( SomeClass $foo = null )
    {
    }

    /**
     * abstractPublicFunc
     *
     */
    abstract public function abstractPublicFunc();

    /**
     * protectedAbstractFunc
     *
     * @param string $foo
     */
    protected abstract function protectedAbstractFunc($foo="bar");

}
